total cells 5040, already done 0, to run 5040
  100/5040    101.9s  eta  5035.7s  rss 0.35GB
  200/5040    225.7s  eta  5462.5s  rss 0.35GB
  300/5040    296.4s  eta  4683.5s  rss 0.35GB
  400/5040    578.3s  eta  6708.7s  rss 0.35GB
  500/5040    871.0s  eta  7908.4s  rss 0.39GB
  600/5040   1236.8s  eta  9152.5s  rss 0.39GB
  700/5040   1506.8s  eta  9341.9s  rss 0.39GB
  800/5040   1900.3s  eta 10071.6s  rss 0.39GB
  900/5040   2084.0s  eta  9586.3s  rss 0.39GB
  1000/5040   2198.9s  eta  8883.4s  rss 0.39GB
  1100/5040   2275.4s  eta  8150.1s  rss 0.39GB
  1200/5040   2378.8s  eta  7612.0s  rss 0.39GB
  1300/5040   2551.3s  eta  7339.8s  rss 0.39GB
  1400/5040   2861.2s  eta  7439.2s  rss 0.39GB
  1500/5040   3153.9s  eta  7443.2s  rss 0.39GB
  1600/5040   3450.6s  eta  7418.8s  rss 0.39GB
  1700/5040   3778.6s  eta  7423.8s  rss 0.39GB
  1800/5040   3871.1s  eta  6968.1s  rss 0.39GB
  1900/5040   3968.9s  eta  6559.2s  rss 0.39GB
  2000/5040   4050.1s  eta  6156.2s  rss 0.39GB
  2100/5040   4182.7s  eta  5855.8s  rss 0.39GB
  2200/5040   4443.5s  eta  5736.1s  rss 0.39GB
  2300/5040   4785.8s  eta  5701.3s  rss 0.39GB
  2400/5040   5024.3s  eta  5526.7s  rss 0.39GB
  2500/5040   5382.3s  eta  5468.5s  rss 0.39GB
  2600/5040   5510.6s  eta  5171.5s  rss 0.39GB
  2700/5040   5637.5s  eta  4885.8s  rss 0.39GB
  2800/5040   5708.1s  eta  4566.5s  rss 0.39GB
  2900/5040   5854.1s  eta  4319.9s  rss 0.39GB
  3000/5040   6040.9s  eta  4107.8s  rss 0.39GB
  3100/5040   6497.2s  eta  4066.0s  rss 0.39GB
  3200/5040   6869.6s  eta  3950.0s  rss 0.39GB
  3300/5040   7284.7s  eta  3841.0s  rss 0.39GB
  3400/5040   7617.6s  eta  3674.4s  rss 0.39GB
  3500/5040   7716.0s  eta  3395.0s  rss 0.39GB
  3600/5040   7800.2s  eta  3120.1s  rss 0.39GB
  3700/5040   7904.5s  eta  2862.7s  rss 0.39GB
  3800/5040   8063.7s  eta  2631.3s  rss 0.39GB
  3900/5040   8371.4s  eta  2447.0s  rss 0.39GB
  4000/5040   8731.3s  eta  2270.1s  rss 0.39GB
  4100/5040   9076.8s  eta  2081.0s  rss 0.39GB
  4200/5040   9460.8s  eta  1892.2s  rss 0.39GB
  4300/5040   9544.7s  eta  1642.6s  rss 0.39GB
  4400/5040   9676.8s  eta  1407.5s  rss 0.39GB
  4500/5040   9753.4s  eta  1170.4s  rss 0.39GB
  4600/5040   9890.0s  eta   946.0s  rss 0.39GB
  4700/5040  10104.5s  eta   731.0s  rss 0.39GB
  4800/5040  10443.2s  eta   522.2s  rss 0.39GB
  4900/5040  10699.6s  eta   305.7s  rss 0.39GB
  5000/5040  11039.4s  eta    88.3s  rss 0.39GB
  5040/5040  11187.4s  eta     0.0s  rss 0.39GB
batch done in 11187.4s -> /root/imtoiteu/quantum-error-mitigation-study/results/v2r2/raw/confirm.jsonl
