Stage B: 40 runs, 4 workers
  1/40 tfim     dev_lagos    none     err=2.1378  200.6s eta 7823.3s
  2/40 tfim     dev_lagos    none     err=3.5619  202.4s eta 3846.2s
  3/40 tfim     dev_lagos    none     err=1.8201  206.8s eta 2549.9s
  4/40 tfim     dev_lagos    none     err=4.9882  211.1s eta 1899.8s
  5/40 tfim     dev_lagos    none     err=2.9375  377.7s eta 2643.8s
  6/40 tfim     dev_lagos    zne      err=4.1378  586.9s eta 3325.7s
  7/40 tfim     dev_lagos    zne      err=3.2534  590.6s eta 2784.2s
  8/40 tfim     dev_lagos    zne      err=2.9116  595.7s eta 2382.8s
  9/40 tfim     dev_lagos    zne      err=2.2705  742.2s eta 2556.5s
  10/40 tfim     dev_lagos    rem      err=2.1898  753.7s eta 2261.0s
  11/40 tfim     dev_lagos    rem      err=2.5483  756.6s eta 1994.6s
  12/40 tfim     dev_lagos    rem      err=4.9254  901.2s eta 2102.8s
  13/40 tfim     dev_lagos    rem      err=3.2666  909.5s eta 1889.0s
  14/40 tfim     dev_lagos    rem      err=1.4917  911.1s eta 1692.0s
  15/40 tfim     dev_lagos    zne      err=3.0957  933.3s eta 1555.6s
  16/40 tfim     dev_lagos    zne_rem  err=3.7327 1248.5s eta 1872.8s
  17/40 tfim     dev_lagos    zne_rem  err=3.8615 1258.1s eta 1702.1s
  18/40 tfim     dev_lagos    zne_rem  err=5.5983 1264.3s eta 1545.2s
  19/40 tfim     dev_lagos    zne_rem  err=3.4546 1289.3s eta 1425.0s
  20/40 qaoa_p1  dev_lagos    none     err=0.0107 1402.6s eta 1402.6s
  21/40 qaoa_p1  dev_lagos    none     err=0.0029 1410.5s eta 1276.2s
  22/40 qaoa_p1  dev_lagos    none     err=0.0013 1431.9s eta 1171.6s
  23/40 qaoa_p1  dev_lagos    none     err=0.0022 1528.7s eta 1129.9s
  24/40 qaoa_p1  dev_lagos    none     err=0.0056 1533.8s eta 1022.5s
  25/40 tfim     dev_lagos    zne_rem  err=4.7364 1606.8s eta  964.1s
  26/40 qaoa_p1  dev_lagos    zne      err=0.0074 1683.7s eta  906.6s
  27/40 qaoa_p1  dev_lagos    zne      err=0.0130 1777.1s eta  855.6s
  28/40 qaoa_p1  dev_lagos    zne      err=0.0402 1780.6s eta  763.1s
  29/40 qaoa_p1  dev_lagos    zne      err=0.0410 1844.2s eta  699.5s
  30/40 qaoa_p1  dev_lagos    rem      err=0.0511 1896.9s eta  632.3s
  31/40 qaoa_p1  dev_lagos    rem      err=0.0148 1905.8s eta  553.3s
  32/40 qaoa_p1  dev_lagos    zne      err=0.0163 1926.1s eta  481.5s
  33/40 qaoa_p1  dev_lagos    rem      err=0.0013 1985.5s eta  421.2s
  34/40 qaoa_p1  dev_lagos    rem      err=0.1859 2025.4s eta  357.4s
  35/40 qaoa_p1  dev_lagos    rem      err=0.0105 2031.5s eta  290.2s
  36/40 qaoa_p1  dev_lagos    zne_rem  err=1.7279 2190.0s eta  243.3s
  37/40 qaoa_p1  dev_lagos    zne_rem  err=0.3097 2260.7s eta  183.3s
  38/40 qaoa_p1  dev_lagos    zne_rem  err=1.5981 2297.8s eta  120.9s
  39/40 qaoa_p1  dev_lagos    zne_rem  err=0.0524 2325.1s eta   59.6s
  40/40 qaoa_p1  dev_lagos    zne_rem  err=0.1463 2360.9s eta    0.0s
done in 2361.0s -> /root/imtoiteu/quantum-error-mitigation-study/results/raw/stage_b.jsonl
