total cells 7560, already done 0, to run 7560
  100/7560     11.0s  eta   820.4s  rss 0.30GB
  200/7560     42.1s  eta  1547.9s  rss 0.31GB
  300/7560     63.5s  eta  1537.2s  rss 0.31GB
  400/7560    124.7s  eta  2231.4s  rss 0.34GB
  500/7560    223.7s  eta  3159.2s  rss 0.34GB
  600/7560    361.4s  eta  4192.7s  rss 0.34GB
  700/7560    490.0s  eta  4802.4s  rss 0.34GB
  800/7560    632.7s  eta  5346.3s  rss 0.34GB
  900/7560    848.4s  eta  6278.1s  rss 0.40GB
  1000/7560   1186.4s  eta  7782.9s  rss 0.40GB
  1100/7560   1445.1s  eta  8486.7s  rss 0.40GB
  1200/7560   1756.1s  eta  9307.3s  rss 0.40GB
  1300/7560   1969.6s  eta  9484.6s  rss 0.40GB
  1400/7560   1983.7s  eta  8728.3s  rss 0.40GB
  1500/7560   1997.5s  eta  8069.9s  rss 0.40GB
  1600/7560   2018.3s  eta  7518.1s  rss 0.40GB
  1700/7560   2063.6s  eta  7113.3s  rss 0.40GB
  1800/7560   2162.7s  eta  6920.5s  rss 0.40GB
  1900/7560   2242.0s  eta  6678.9s  rss 0.40GB
  2000/7560   2335.3s  eta  6492.2s  rss 0.40GB
  2100/7560   2474.1s  eta  6432.7s  rss 0.40GB
  2200/7560   2705.7s  eta  6592.2s  rss 0.40GB
  2300/7560   2990.0s  eta  6838.1s  rss 0.40GB
  2400/7560   3229.0s  eta  6942.3s  rss 0.40GB
  2500/7560   3580.4s  eta  7246.7s  rss 0.40GB
  2600/7560   3655.0s  eta  6972.7s  rss 0.40GB
  2700/7560   3680.5s  eta  6625.0s  rss 0.40GB
  2800/7560   3688.6s  eta  6270.6s  rss 0.40GB
  2900/7560   3720.7s  eta  5978.8s  rss 0.40GB
  3000/7560   3794.7s  eta  5768.0s  rss 0.40GB
  3100/7560   3903.4s  eta  5615.9s  rss 0.40GB
  3200/7560   3973.1s  eta  5413.4s  rss 0.40GB
  3300/7560   4102.0s  eta  5295.3s  rss 0.40GB
  3400/7560   4277.6s  eta  5233.8s  rss 0.40GB
  3500/7560   4560.1s  eta  5289.7s  rss 0.40GB
  3600/7560   4834.7s  eta  5318.2s  rss 0.40GB
  3700/7560   5125.6s  eta  5347.3s  rss 0.40GB
  3800/7560   5414.4s  eta  5357.4s  rss 0.40GB
  3900/7560   5425.7s  eta  5091.8s  rss 0.40GB
  4000/7560   5446.9s  eta  4847.8s  rss 0.40GB
  4100/7560   5464.3s  eta  4611.3s  rss 0.40GB
  4200/7560   5506.0s  eta  4404.8s  rss 0.40GB
  4300/7560   5602.6s  eta  4247.6s  rss 0.40GB
  4400/7560   5692.1s  eta  4088.0s  rss 0.40GB
  4500/7560   5778.2s  eta  3929.2s  rss 0.40GB
  4600/7560   5912.4s  eta  3804.5s  rss 0.40GB
  4700/7560   6125.1s  eta  3727.2s  rss 0.40GB
  4800/7560   6441.1s  eta  3703.6s  rss 0.40GB
  4900/7560   6688.5s  eta  3630.9s  rss 0.40GB
  5000/7560   7043.0s  eta  3606.0s  rss 0.40GB
  5100/7560   7193.9s  eta  3470.0s  rss 0.40GB
  5200/7560   7212.9s  eta  3273.5s  rss 0.40GB
  5300/7560   7222.9s  eta  3079.9s  rss 0.40GB
  5400/7560   7247.7s  eta  2899.1s  rss 0.40GB
  5500/7560   7303.7s  eta  2735.6s  rss 0.40GB
  5600/7560   7402.5s  eta  2590.9s  rss 0.40GB
  5700/7560   7469.6s  eta  2437.5s  rss 0.40GB
  5800/7560   7572.0s  eta  2297.7s  rss 0.40GB
  5900/7560   7734.6s  eta  2176.2s  rss 0.40GB
  6000/7560   7995.1s  eta  2078.7s  rss 0.40GB
  6100/7560   8288.1s  eta  1983.7s  rss 0.40GB
  6200/7560   8566.6s  eta  1879.1s  rss 0.40GB
